[ecofixbd.webflow.io/index.html]
[backblue.gif]
[fade.gif]
[index.html]
[cdn.prod.website-files.com/680e75d51b1cb01796f30237/css/ecofixbd.webflow.shared.8c9efd14f.css]
[ajax.googleapis.com/ajax/libs/webfont/1.6.26/webfont.js]
[cdn.prod.website-files.com/img/webclip.png]
[cdn.prod.website-files.com/680e75d51b1cb01796f30237/681b701e2dc0f9d33356cc3c_Presentation1.jpg]
[cdn.prod.website-files.com/680e75d51b1cb01796f30237/6811208e72a0146a1fa96dc7_Untitled_design-removebg-preview.png]
[ecofixbd.webflow.io/sign-in.html]
[cdn.prod.website-files.com/680e75d51b1cb01796f30237/681b7db9e7ba7c0cfec2e7be_istockphoto-1334046558-612x612.jpg]
[cdn.prod.website-files.com/680e75d51b1cb01796f30237/681b7ebf4f92c6ce33e25684_Smart-waste-bin-level-2.jpg]
[cdn.prod.website-files.com/680e75d51b1cb01796f30237/681b8386839c9d8237a1ac56_marketplace-hero.jpg]
[ecofixbd.webflow.io/request-pickup.html]
[ecofixbd.webflow.io/product-listing.html]
[ecofixbd.webflow.io/marketplace.html]
[ecofixbd.webflow.io/waste-collection-tracking.html]
[ecofixbd.webflow.io/schedule-waste-collection.html]
[d3e54v103j8qbb.cloudfront.net/js/jquery-3.5.1.min.dc5e7f18c81c8e.js]
[cdn.prod.website-files.com/680e75d51b1cb01796f30237/js/webflow.schunk.6c94673727302d98.js]
[cdn.prod.website-files.com/680e75d51b1cb01796f30237/js/webflow.schunk.52ff5f6ffc9f633a.js]
[ecofixbd.webflow.io/index.html]
[cdn.prod.website-files.com/680e75d51b1cb01796f30237/js/webflow.7366925c.43b467997a850cf6.js]
[cdn.prod.website-files.com/680e75d51b1cb01796f30237/681217f28488edb1c2ebb17a_living room.jpg]
[cdn.prod.website-files.com/680e75d51b1cb01796f30237/681b415107c4e79e3528570f_profile.jpg]
[cdn.prod.website-files.com/680e75d51b1cb01796f30237/css/ecofixbd.webflow.shared.8c9efd14f.css]
[ecofixbd.webflow.io/sign-in.html]
[cdn.prod.website-files.com/680e75d51b1cb01796f30237/js/webflow.e5cd339d.e506a3143c5d0afe.js]
[ecofixbd.webflow.io/request-pickup.html]
[ecofixbd.webflow.io/product-listing.html]
[ecofixbd.webflow.io/dashboard-user.html]
[cdn.prod.website-files.com/680e75d51b1cb01796f30237/68166afb14fa50908c637b31_online-shopping.png]
[ecofixbd.webflow.io/marketplace.html]
[ecofixbd.webflow.io/dashboard-admin.html]
[cdn.prod.website-files.com/680e75d51b1cb01796f30237/681a5f823c233fa94722a5ff_Waste-Management-Vehicle-Tracking.jpg]
[ecofixbd.webflow.io/waste-collection-tracking.html]
[cdn.prod.website-files.com/680e75d51b1cb01796f30237/681a38bad360cf0102777820_Garbage_Truck.jpg]
[ecofixbd.webflow.io/schedule-waste-collection.html]
[cdn.prod.website-files.com/680e75d51b1cb01796f30237/681217f28488edb1c2ebb171_icon search.jpg]
[ecofixbd.webflow.io/dashboard-user.html]
[ecofixbd.webflow.io/dashboard-admin.html]
[ecofixbd.webflow.io/sign-up.html]
